wandb: WARNING `resume` will be ignored since W&B syncing is set to `offline`. Starting a new run with run id 0rx7jxr8.
wandb: Tracking run with wandb version 0.26.1
wandb: W&B syncing is set to `offline` in this directory. Run `wandb online` or set WANDB_MODE=online to enable cloud syncing.
wandb: Run data is saved locally in /home/remote/lbardou/leukoaraiosis-detection/Leuko_abcd/runs/phase3_20260504_171020/wandb/offline-run-20260504_171027-0rx7jxr8
wandb: WARNING URL not available in offline run
/mnt/home/lbardou/leuko_env/lib64/python3.9/site-packages/monai/utils/deprecate_utils.py:321: FutureWarning: monai.transforms.spatial.dictionary Orientationd.__init__:labels: Current default value of argument `labels=(('L', 'R'), ('P', 'A'), ('I', 'S'))` was changed in version None from `labels=(('L', 'R'), ('P', 'A'), ('I', 'S'))` to `labels=None`. Default value changed to None meaning that the transform now uses the 'space' of a meta-tensor, if applicable, to determine appropriate axis labels.
  warn_deprecated(argname, msg, warning_category)
/mnt/home/lbardou/leuko_env/lib64/python3.9/site-packages/monai/utils/deprecate_utils.py:321: FutureWarning: monai.transforms.spatial.dictionary Orientationd.__init__:labels: Current default value of argument `labels=(('L', 'R'), ('P', 'A'), ('I', 'S'))` was changed in version None from `labels=(('L', 'R'), ('P', 'A'), ('I', 'S'))` to `labels=None`. Default value changed to None meaning that the transform now uses the 'space' of a meta-tensor, if applicable, to determine appropriate axis labels.
  warn_deprecated(argname, msg, warning_category)
Traceback (most recent call last):
  File "/home/remote/lbardou/leukoaraiosis-detection/Leuko_abcd/phase3_train.py", line 583, in <module>
    train(args)
  File "/home/remote/lbardou/leukoaraiosis-detection/Leuko_abcd/phase3_train.py", line 465, in train
    torch.save({
  File "/mnt/home/lbardou/leuko_env/lib64/python3.9/site-packages/torch/serialization.py", line 849, in save
    with _open_zipfile_writer(f) as opened_zipfile:
  File "/mnt/home/lbardou/leuko_env/lib64/python3.9/site-packages/torch/serialization.py", line 716, in _open_zipfile_writer
    return container(name_or_buffer)
  File "/mnt/home/lbardou/leuko_env/lib64/python3.9/site-packages/torch/serialization.py", line 687, in __init__
    super().__init__(torch._C.PyTorchFileWriter(self.name))
RuntimeError: File /home/remote/lbardou/leukoaraiosis-detection/Leuko_abcd/runs/phase3_20260504_171020/best_model.pt cannot be opened.
