[warn] cuda/12.5 module not available, skipping
Environment activated
  Python : 3.9.21
  PyTorch: 2.5.1+cu124
  GPU    : NVIDIA H100 NVL
Working directory: /home/remote/lbardou/leukoaraiosis-detection/Leuko_abcd
Python: /mnt/home/lbardou/leuko_env/bin/python
Device: cuda
Manifest: 421 rows, 50 positive (11.9%)
Fold 0: train=334 (39 pos), val=87 (11 pos)
Model parameters: 62.4M
Positive prior: 0.1168 (39 positives)
Epoch   1/100  Train AUPREC=0.2943  Val AUPREC=0.1820  Val AUROC=0.4282  255s
  New best AUPREC=0.1820, checkpoint saved.
Epoch   2/100  Train AUPREC=0.2944  Val AUPREC=0.2397  Val AUROC=0.5359  255s
  New best AUPREC=0.2397, checkpoint saved.
Epoch   3/100  Train AUPREC=0.2693  Val AUPREC=0.1991  Val AUROC=0.4749  255s
Epoch   4/100  Train AUPREC=0.2690  Val AUPREC=0.1944  Val AUROC=0.6148  256s
Epoch   5/100  Train AUPREC=0.2271  Val AUPREC=0.1517  Val AUROC=0.5383  255s
Epoch   6/100  Train AUPREC=0.2890  Val AUPREC=0.2733  Val AUROC=0.6878  255s
  New best AUPREC=0.2733, checkpoint saved.
Epoch   7/100  Train AUPREC=0.3158  Val AUPREC=0.2152  Val AUROC=0.6758  255s
Epoch   8/100  Train AUPREC=0.3047  Val AUPREC=0.2354  Val AUROC=0.6962  255s
Epoch   9/100  Train AUPREC=0.2848  Val AUPREC=0.2373  Val AUROC=0.6998  255s
Epoch  10/100  Train AUPREC=0.3462  Val AUPREC=0.2459  Val AUROC=0.7022  256s
Epoch  11/100  Train AUPREC=0.2867  Val AUPREC=0.2455  Val AUROC=0.6986  254s
Epoch  12/100  Train AUPREC=0.2719  Val AUPREC=0.2242  Val AUROC=0.6770  255s
Epoch  13/100  Train AUPREC=0.3714  Val AUPREC=0.2280  Val AUROC=0.6687  256s
Epoch  14/100  Train AUPREC=0.3179  Val AUPREC=0.2655  Val AUROC=0.7105  254s
Epoch  15/100  Train AUPREC=0.2935  Val AUPREC=0.2448  Val AUROC=0.7045  255s
Epoch  16/100  Train AUPREC=0.2901  Val AUPREC=0.2311  Val AUROC=0.6902  255s
Epoch  17/100  Train AUPREC=0.3611  Val AUPREC=0.2153  Val AUROC=0.6794  255s
Epoch  18/100  Train AUPREC=0.3423  Val AUPREC=0.2239  Val AUROC=0.6675  255s
Epoch  19/100  Train AUPREC=0.3559  Val AUPREC=0.2149  Val AUROC=0.6627  255s
Epoch  20/100  Train AUPREC=0.3131  Val AUPREC=0.2077  Val AUROC=0.6890  256s
Epoch  21/100  Train AUPREC=0.3558  Val AUPREC=0.2299  Val AUROC=0.6938  256s
Epoch  22/100  Train AUPREC=0.3439  Val AUPREC=0.2418  Val AUROC=0.7022  257s
Epoch  23/100  Train AUPREC=0.2815  Val AUPREC=0.2396  Val AUROC=0.6902  255s
Epoch  24/100  Train AUPREC=0.3369  Val AUPREC=0.2202  Val AUROC=0.6782  256s
Epoch  25/100  Train AUPREC=0.3306  Val AUPREC=0.2173  Val AUROC=0.6722  255s
Epoch  26/100  Train AUPREC=0.3723  Val AUPREC=0.2448  Val AUROC=0.7069  256s
Epoch  27/100  Train AUPREC=0.3464  Val AUPREC=0.2290  Val AUROC=0.6998  256s
Epoch  28/100  Train AUPREC=0.2967  Val AUPREC=0.2332  Val AUROC=0.6974  255s
Epoch  29/100  Train AUPREC=0.3719  Val AUPREC=0.2216  Val AUROC=0.6794  256s
Epoch  30/100  Train AUPREC=0.4153  Val AUPREC=0.2468  Val AUROC=0.7177  256s
Epoch  31/100  Train AUPREC=0.3339  Val AUPREC=0.2529  Val AUROC=0.7153  254s
Epoch  32/100  Train AUPREC=0.3312  Val AUPREC=0.2558  Val AUROC=0.7177  255s
Epoch  33/100  Train AUPREC=0.3553  Val AUPREC=0.2698  Val AUROC=0.7189  255s
Epoch  34/100  Train AUPREC=0.3274  Val AUPREC=0.2559  Val AUROC=0.6974  256s
Epoch  35/100  Train AUPREC=0.3272  Val AUPREC=0.2734  Val AUROC=0.6998  255s
  New best AUPREC=0.2734, checkpoint saved.
Epoch  36/100  Train AUPREC=0.3383  Val AUPREC=0.2738  Val AUROC=0.7081  255s
  New best AUPREC=0.2738, checkpoint saved.
Epoch  37/100  Train AUPREC=0.3649  Val AUPREC=0.2547  Val AUROC=0.7261  256s
Epoch  38/100  Train AUPREC=0.3792  Val AUPREC=0.2683  Val AUROC=0.7069  254s
Epoch  39/100  Train AUPREC=0.4300  Val AUPREC=0.2222  Val AUROC=0.7033  256s
Epoch  40/100  Train AUPREC=0.3387  Val AUPREC=0.3003  Val AUROC=0.7201  256s
  New best AUPREC=0.3003, checkpoint saved.
Epoch  41/100  Train AUPREC=0.3883  Val AUPREC=0.2825  Val AUROC=0.7309  255s
Epoch  42/100  Train AUPREC=0.3665  Val AUPREC=0.2427  Val AUROC=0.6794  256s
Epoch  43/100  Train AUPREC=0.4273  Val AUPREC=0.2962  Val AUROC=0.7333  254s
Epoch  44/100  Train AUPREC=0.3581  Val AUPREC=0.2312  Val AUROC=0.6758  257s
Epoch  45/100  Train AUPREC=0.3454  Val AUPREC=0.1754  Val AUROC=0.6160  255s
Epoch  46/100  Train AUPREC=0.3457  Val AUPREC=0.2281  Val AUROC=0.7069  256s
Epoch  47/100  Train AUPREC=0.3179  Val AUPREC=0.2135  Val AUROC=0.6651  256s
Epoch  48/100  Train AUPREC=0.3292  Val AUPREC=0.2274  Val AUROC=0.6854  257s
Epoch  49/100  Train AUPREC=0.3205  Val AUPREC=0.2398  Val AUROC=0.6914  255s
Epoch  50/100  Train AUPREC=0.3641  Val AUPREC=0.2589  Val AUROC=0.7093  257s
Epoch  51/100  Train AUPREC=0.3456  Val AUPREC=0.2140  Val AUROC=0.6830  255s
Epoch  52/100  Train AUPREC=0.3501  Val AUPREC=0.3235  Val AUROC=0.7249  256s
  New best AUPREC=0.3235, checkpoint saved.
Epoch  53/100  Train AUPREC=0.3860  Val AUPREC=0.1467  Val AUROC=0.4031  254s
Epoch  54/100  Train AUPREC=0.3398  Val AUPREC=0.2740  Val AUROC=0.7057  255s
Epoch  55/100  Train AUPREC=0.3504  Val AUPREC=0.2683  Val AUROC=0.7022  257s
Epoch  56/100  Train AUPREC=0.3938  Val AUPREC=0.1807  Val AUROC=0.5766  255s
Epoch  57/100  Train AUPREC=0.3650  Val AUPREC=0.2527  Val AUROC=0.7045  255s
Epoch  58/100  Train AUPREC=0.3588  Val AUPREC=0.2489  Val AUROC=0.6794  255s
Epoch  59/100  Train AUPREC=0.3324  Val AUPREC=0.2206  Val AUROC=0.6328  255s
Epoch  60/100  Train AUPREC=0.4059  Val AUPREC=0.2899  Val AUROC=0.6938  256s
Epoch  61/100  Train AUPREC=0.4032  Val AUPREC=0.2698  Val AUROC=0.7177  256s
Epoch  62/100  Train AUPREC=0.4382  Val AUPREC=0.2673  Val AUROC=0.6902  255s
Epoch  63/100  Train AUPREC=0.3783  Val AUPREC=0.2399  Val AUROC=0.6962  255s
Epoch  64/100  Train AUPREC=0.3254  Val AUPREC=0.2368  Val AUROC=0.6938  257s
Epoch  65/100  Train AUPREC=0.3741  Val AUPREC=0.2385  Val AUROC=0.6459  256s
Epoch  66/100  Train AUPREC=0.4153  Val AUPREC=0.2388  Val AUROC=0.6471  256s
Epoch  67/100  Train AUPREC=0.4223  Val AUPREC=0.2565  Val AUROC=0.6998  256s
Epoch  68/100  Train AUPREC=0.3912  Val AUPREC=0.2905  Val AUROC=0.7261  257s
Epoch  69/100  Train AUPREC=0.3848  Val AUPREC=0.2495  Val AUROC=0.6663  257s
Epoch  70/100  Train AUPREC=0.3641  Val AUPREC=0.2492  Val AUROC=0.6627  255s
Epoch  71/100  Train AUPREC=0.4246  Val AUPREC=0.2444  Val AUROC=0.6531  256s
Epoch  72/100  Train AUPREC=0.3865  Val AUPREC=0.3133  Val AUROC=0.7057  256s
Epoch  73/100  Train AUPREC=0.4033  Val AUPREC=0.2664  Val AUROC=0.6699  256s
Epoch  74/100  Train AUPREC=0.4243  Val AUPREC=0.3613  Val AUROC=0.6938  256s
  New best AUPREC=0.3613, checkpoint saved.
Epoch  75/100  Train AUPREC=0.3756  Val AUPREC=0.1496  Val AUROC=0.5921  256s
Epoch  76/100  Train AUPREC=0.3051  Val AUPREC=0.3271  Val AUROC=0.7165  255s
Epoch  77/100  Train AUPREC=0.4497  Val AUPREC=0.1570  Val AUROC=0.6053  256s
Epoch  78/100  Train AUPREC=0.4237  Val AUPREC=0.2658  Val AUROC=0.7189  256s
Epoch  79/100  Train AUPREC=0.4090  Val AUPREC=0.2231  Val AUROC=0.6962  256s
Epoch  80/100  Train AUPREC=0.4412  Val AUPREC=0.2250  Val AUROC=0.6902  256s
Epoch  81/100  Train AUPREC=0.3613  Val AUPREC=0.1670  Val AUROC=0.5969  255s
Epoch  82/100  Train AUPREC=0.4058  Val AUPREC=0.3419  Val AUROC=0.7321  256s
Epoch  83/100  Train AUPREC=0.3539  Val AUPREC=0.2314  Val AUROC=0.6902  255s
Epoch  84/100  Train AUPREC=0.4217  Val AUPREC=0.1678  Val AUROC=0.6316  255s
Epoch  85/100  Train AUPREC=0.3504  Val AUPREC=0.1975  Val AUROC=0.6639  256s
Epoch  86/100  Train AUPREC=0.4353  Val AUPREC=0.2742  Val AUROC=0.6842  255s
Epoch  87/100  Train AUPREC=0.3756  Val AUPREC=0.2551  Val AUROC=0.6711  256s
Epoch  88/100  Train AUPREC=0.4902  Val AUPREC=0.1385  Val AUROC=0.5371  256s
Epoch  89/100  Train AUPREC=0.4491  Val AUPREC=0.2014  Val AUROC=0.6854  255s
Epoch  90/100  Train AUPREC=0.4001  Val AUPREC=0.2725  Val AUROC=0.7153  255s
Epoch  91/100  Train AUPREC=0.4508  Val AUPREC=0.2655  Val AUROC=0.6938  255s
Epoch  92/100  Train AUPREC=0.4290  Val AUPREC=0.1966  Val AUROC=0.6543  256s
Epoch  93/100  Train AUPREC=0.3693  Val AUPREC=0.2680  Val AUROC=0.6890  257s
Epoch  94/100  Train AUPREC=0.4570  Val AUPREC=0.2950  Val AUROC=0.6962  257s
Epoch  95/100  Train AUPREC=0.3730  Val AUPREC=0.2128  Val AUROC=0.6483  256s
Epoch  96/100  Train AUPREC=0.4807  Val AUPREC=0.1949  Val AUROC=0.6806  255s
Epoch  97/100  Train AUPREC=0.4052  Val AUPREC=0.2455  Val AUROC=0.7117  255s
Epoch  98/100  Train AUPREC=0.4158  Val AUPREC=0.1960  Val AUROC=0.6376  256s
Epoch  99/100  Train AUPREC=0.4382  Val AUPREC=0.2073  Val AUROC=0.6220  254s
Epoch 100/100  Train AUPREC=0.4540  Val AUPREC=0.2234  Val AUROC=0.6675  255s

Training complete. Best Val AUPREC: 0.3613
Checkpoint: /home/remote/lbardou/leukoaraiosis-detection/Leuko_abcd/runs/phase3_20260430_021606/best_model.pt
Done. Checkpoint in /home/remote/lbardou/leukoaraiosis-detection/Leuko_abcd/runs/phase3_20260430_021606/best_model.pt
